// Jest Snapshot v1, https://goo.gl/fbAQLP

exports[`<Story /> renders without crashing 1`] = `null`;
