// Jest Snapshot v1, https://goo.gl/fbAQLP

exports[`<App /> renders without crashing 1`] = `
<div
  className="hn-app"
>
  <div
    className="center"
  >
    <header>
      <img
        alt="logo for HN"
        src="./logo.gif"
      />
      <h1>
        Hacker News
      </h1>
    </header>
    <div
      className="stories-container"
    />
  </div>
</div>
`;
